[07:38:59][game_application.cpp:1412]: 
== SCOPE DOCUMENTATION ==
These work as context switches (links) in triggers and effects (e.g. 'owner = { <triggers/effects> }'), or as targets of triggers and effects (e.g. 'is_owned_by = from'). Dot scoping (e.g. root.owner.capital_scope) is allowed.
Complete list of scope changes:

target - Scopes from a spy network to its target country, or from an espionage operation to its target (can be various objects, as set in common/espionage_operation_types).
Supported Scopes: spy_network espionage_operation agreement situation
Output Scope: various

background_planet - Scopes from a leader to their background planet.
Supported Scopes: leader
Output Scope: planet

army_leader - Scopes from an object to its army leader, e.g. planet->general
Supported Scopes: planet
Output Scope: leader

orbit - Scopes to the planet the current object is in orbit of.
Supported Scopes: planet ship fleet army starbase colony
Output Scope: planet

planet - Scopes from an object to the planet it is on.
Supported Scopes: megastructure planet ship pop_group leader army starbase deposit archaeological_site pop job colony
Output Scope: planet

star - Scopes from an object to the primary star (planet scope) of the system it is in.
Supported Scopes: megastructure planet ship fleet galactic_object ambient_object bypass starbase archaeological_site first_contact debris astral_rift colony
Output Scope: planet

last_added_deposit - Scopes to the last deposit added to the current planet
Supported Scopes: planet ship colony
Output Scope: deposit

spawner_planet - Scopes from an army to the planet that spawned it.
Supported Scopes: army
Output Scope: planet

branch_office_owner - Scopes from an object to the owner of a branch office.
Supported Scopes: planet ship colony
Output Scope: country

species - Scopes from an object to its species.
Supported Scopes: country ship pop_group leader army species
Output Scope: species

assembling_species - Scopes from a planet to the species currently being assembled on it.
Supported Scopes: planet ship colony
Output Scope: species

built_species - Scopes from a country to its built species.
Supported Scopes: country
Output Scope: species

declining_species - Scopes from a planet to the species currently declining on it.
Supported Scopes: planet ship colony
Output Scope: species

fleet - Scopes from an object to its fleet.
Supported Scopes: ship fleet leader army starbase astral_rift colony
Output Scope: fleet

design - Scopes to the ship's design
Supported Scopes: ship
Output Scope: design

from - Scopes to the ROOT of the previous event, or the preset hardcoded FROM scope.
Supported Scopes: all
Output Scope: various

this - Scopes to the current scope.
Supported Scopes: all
Output Scope: various

root - Scopes to the original scope of this context, e.g. the country of a country_event.
Supported Scopes: all
Output Scope: various

prev - Scopes to the previous scope, e.g. owner = { capital_scope = { is_owned_by = prev } } would refer to the owner of the capital here (and always be true).
Supported Scopes: all
Output Scope: various

capital_scope - Scopes from an empire to its capital colony.
Supported Scopes: country
Output Scope: colony

owner - Scopes to the owner of the current object.
Supported Scopes: megastructure planet country ship pop_group fleet galactic_object leader army bypass pop_faction starbase deposit sector archaeological_site first_contact spy_network espionage_operation agreement situation debris astral_rift colony mission
Output Scope: country

controller - Scopes from an object to the empire controlling it (not necessarily the owner: a country occupying a planet is its controller).
Supported Scopes: planet ship fleet starbase debris colony
Output Scope: country

ship - Scopes from a starbase to its station ship or from a colony to its carrier ship.
Supported Scopes: planet ship starbase colony
Output Scope: ship

fromfrom - Scopes to the FROM of the FROM scope (ROOT of two events ago, or the preset hardcoded FROMFROM scope).
Supported Scopes: all
Output Scope: various

prevprev - Scopes back to two scope changes ago, e.g. planet = { owner = { any_owned_planet = { is_same_value = prevprev } } } would be checking if the owner of the planet owns any planet that is the same as the planet you are starting in (which would always be true).
Supported Scopes: all
Output Scope: various

prevprevprev - Scopes back to three scope changes ago (the PREV of PREVPREV).
Supported Scopes: all
Output Scope: various

prevprevprevprev - Scopes back to four scope changes ago (the PREV of PREVPREVPREV).
Supported Scopes: all
Output Scope: various

target_system - Scopes from a cosmic storm to the galactic object that it is heading towards.
Supported Scopes: cosmic_storm
Output Scope: galactic_object

home_planet - Scopes to a species' home planet.
Supported Scopes: country pop_group leader species
Output Scope: planet

last_created_fleet - Scopes to the last fleet that was created anywhere in the game.
Supported Scopes: all
Output Scope: fleet

owner_main_species - Scopes to the main species of the owner of the current object. Works in every scope that 'owner' would work in.
Supported Scopes: megastructure planet country ship pop_group fleet galactic_object leader army species bypass pop_faction starbase deposit sector archaeological_site first_contact spy_network espionage_operation agreement situation debris astral_rift colony mission
Output Scope: species

last_created_country - Scopes to the last country that was created anywhere in the game.
Supported Scopes: all
Output Scope: country

last_created_species - Scopes to the last species that was created anywhere in the game.
Supported Scopes: all
Output Scope: species

alliance - Scopes from a country to the federation it is a member of.
Supported Scopes: country
Output Scope: federation

overlord - Scopes from a country to its overlord.
Supported Scopes: country
Output Scope: country

federation - Scopes from a country to the federation it is a member of.
Supported Scopes: country
Output Scope: federation

research_station - Scopes from a planet to the research station in orbit of it.
Supported Scopes: planet ship colony
Output Scope: fleet

mining_station - Scopes from a planet to the mining station in orbit of it.
Supported Scopes: planet ship colony
Output Scope: fleet

last_created_system - Scopes to the last fleet that was created anywhere in the game.
Supported Scopes: all
Output Scope: galactic_object

planet_owner - Scopes from an object to the owner of the planet it is on.
Supported Scopes: megastructure planet ship pop_group leader army starbase deposit archaeological_site pop job colony
Output Scope: country

last_created_ambient_object - Scopes to the last ambient object that was created anywhere in the game.
Supported Scopes: all
Output Scope: ambient_object

last_created_ship - Scopes to the last ship that was created anywhere in the game.
Supported Scopes: all
Output Scope: ship

orbital_station - Scopes from a planet to the station (mining station, research station, observation outpost) orbiting it.
Supported Scopes: planet ship colony
Output Scope: fleet

last_created_leader - Scopes to the last leader that was created anywhere in the game.
Supported Scopes: all
Output Scope: leader

owner_species - Scopes to the main species of the owner of the current object. Works in every scope that 'owner' would work in.
Supported Scopes: megastructure planet country ship pop_group fleet galactic_object leader army species bypass pop_faction starbase deposit sector archaeological_site first_contact spy_network espionage_operation agreement situation debris astral_rift colony mission
Output Scope: species

fromfromfrom - Scopes to the FROM of the FROMFROM scope (ROOT of three events ago, or the preset hardcoded FROMFROMFROM scope)
Supported Scopes: all
Output Scope: various

last_created_army - Scopes to the last army that was created anywhere in the game.
Supported Scopes: all
Output Scope: army

last_created_design - Scopes to the last created ship design
Supported Scopes: all
Output Scope: design

envoy_location_country - Scopes from an envoy to the empire it is appointed to.
Supported Scopes: leader
Output Scope: country

contact_country - Scopes from a first contact site to the country that the owner of the site is seeking to establish communications with.
Supported Scopes: first_contact
Output Scope: country

sector_capital - Scopes from a sector to its capital colony.
Supported Scopes: sector
Output Scope: colony

observation_outpost_owner - Scopes from a planet to the owner of the observation outpost in orbit of it.
Supported Scopes: planet ship colony
Output Scope: country

observation_outpost - Scopes from a planet to the observation outpost in orbit of it.
Supported Scopes: planet ship colony
Output Scope: fleet

federation_leader - Scopes from a federation to the empire leading it.
Supported Scopes: federation
Output Scope: country

associated_federation - Scopes from a country to the federation it is an associate of.
Supported Scopes: country
Output Scope: federation

sector - Scopes from an object to the sector it is in. For leaders, scopes to the sector the leader is currently located in, not necessarily the one they are assigned to as a governor.
Supported Scopes: megastructure planet ship pop_group fleet galactic_object leader army ambient_object bypass starbase deposit sector archaeological_site first_contact debris colony
Output Scope: sector

pop_faction - Scopes from an object to its pop faction.
Supported Scopes: pop_group leader pop_faction
Output Scope: pop_faction

last_created_pop_faction - Scopes to the last pop faction that was created anywhere in the game.
Supported Scopes: all
Output Scope: pop_faction

unhappiest_pop - Scopes from an object to its unhappiest pop group.
Supported Scopes: planet country ship colony
Output Scope: pop_group

heir - Scopes to the heir of a country (or the heir of the object's owner).
Supported Scopes: megastructure planet country ship pop_group fleet galactic_object leader army bypass pop_faction starbase deposit sector archaeological_site first_contact spy_network espionage_operation agreement situation debris astral_rift colony mission
Output Scope: leader

explorer - Scopes from an astral rift to the country whose leader is exploring, or has explored it.
Supported Scopes: astral_rift
Output Scope: country

fromfromfromfrom - Scopes to the FROM of the FROMFROMFROM scope (ROOT of four events ago, or the preset hardcoded FROMFROMFROMFROM scope)
Supported Scopes: all
Output Scope: various

founder_species - Scopes from a country to its founding species.
Supported Scopes: country
Output Scope: species

colony - Scopes from an object to its colony.
Supported Scopes: megastructure planet ship pop_group leader army starbase deposit archaeological_site pop job colony
Output Scope: colony

starbase - Scopes from an object to its starbase.
Supported Scopes: planet ship fleet galactic_object starbase colony
Output Scope: starbase

capital_star - Scopes from an empire to the primary star (planet scope) of its capital's system.
Supported Scopes: country
Output Scope: planet

system_star - Scopes from an object to the primary star (planet scope) of the system it is in.
Supported Scopes: megastructure planet country ship pop_group fleet galactic_object leader army ambient_object bypass starbase deposit archaeological_site first_contact debris astral_rift colony
Output Scope: planet

creator - Scopes to the leader's country of origin
Supported Scopes: leader
Output Scope: country

no_scope - Sets the scope to no scope (empty scope used for certain generalized behavior).
Supported Scopes: all
Output Scope: no_scope

archaeological_site - Scopes from an object (e.g. planet) in star system view to the arc site in the same location.
Supported Scopes: megastructure planet ship fleet galactic_object ambient_object starbase archaeological_site debris colony
Output Scope: archaeological_site

excavator_fleet - Scopes from an arc site to the fleet whose leader is currently investigating it.
Supported Scopes: archaeological_site
Output Scope: fleet

reverse_first_contact - Scopes from a first contact site to the equivalent one that the contact_country has on the site's owner.
Supported Scopes: first_contact
Output Scope: first_contact

spynetwork - Scopes from an espionage operation or spymaster envoy to its spy network.
Supported Scopes: leader espionage_operation
Output Scope: spy_network

growing_species - Scopes from a planet to the species currently growing (not assembling) on it.
Supported Scopes: planet ship colony
Output Scope: species

galactic_emperor - Scopes to the ruling empire of the Galactic Imperium.
Supported Scopes: all
Output Scope: country

galactic_custodian - Scopes to the Custodian empire of the Galactic Community.
Supported Scopes: all
Output Scope: country

orbital_defence - Scopes from a planet to the orbital defence station (orbital ring, starbase) orbiting the planet
Supported Scopes: planet ship colony
Output Scope: fleet

attacker - Scopes from a war to its main attacker.
Supported Scopes: war
Output Scope: country

defender - Scopes from a war to its main defender.
Supported Scopes: war
Output Scope: country

leader - Scopes from an object to its leader, e.g. country->ruler, fleet->admiral/scientist, sector->governor, army->general, arc site->scientist...
Supported Scopes: planet country ship fleet leader army pop_faction federation archaeological_site first_contact spy_network espionage_operation astral_rift colony
Output Scope: leader

solar_system - Scopes from an object to the solar system it is in.
Supported Scopes: megastructure planet country ship pop_group fleet galactic_object leader army ambient_object bypass starbase deposit archaeological_site first_contact debris astral_rift colony
Output Scope: galactic_object

space_owner - Scopes from an object to the owner of the space it is in.
Supported Scopes: megastructure planet country ship fleet galactic_object army ambient_object starbase archaeological_site spy_network debris colony
Output Scope: country

owner_or_space_owner - Scopes from an object to its owner if it exists, or to the owner of the space it is in otherwise.
Supported Scopes: megastructure planet country ship fleet galactic_object army starbase archaeological_site spy_network debris colony
Output Scope: country

ruler - Scopes to the ruler of a country (or the ruler of the object's owner).
Supported Scopes: megastructure planet country ship pop_group fleet galactic_object leader army bypass pop_faction starbase deposit sector archaeological_site first_contact spy_network espionage_operation agreement situation debris astral_rift colony mission
Output Scope: leader

astral_rift - Scopes to the astral rift in the same system.
Supported Scopes: galactic_object leader
Output Scope: astral_rift

lock_country - Scopes from a bypass to the country who locked it.
Supported Scopes: bypass
Output Scope: country

storm_influence_field - Scopes from a galactic object to an influence field with the galactic object as center
Supported Scopes: galactic_object
Output Scope: cosmic_storm_influence_field

last_created_cosmic_storm - Scopes to the last storm that was created anywhere in the game.
Supported Scopes: all
Output Scope: cosmic_storm

last_created_cosmic_storm_influence_field - Scopes to the last storm influence field that was created anywhere in the game.
Supported Scopes: all
Output Scope: cosmic_storm_influence_field

instigator - If scoped war was generated from a proxy war, scopes to the country who started the proxy war.
Supported Scopes: war
Output Scope: country

aura_owner - If scoped system contains a Psionic Aura, scopes to the country who generated the aura (can be different from the system owner).
Supported Scopes: galactic_object
Output Scope: country

ship_growth_stage - Scopes to the ship's current growth stage inside the ship's design
Supported Scopes: ship
Output Scope: ship_growth_stage

first_damaging_country - Scopes to the country that dealt the corresponding ranked damage to the fleet. Can be null. Use the record_damaging_country = yes setting to make the fleet record
Supported Scopes: fleet
Output Scope: country

second_damaging_country - Scopes to the country that dealt the corresponding ranked damage to the fleet. Can be null. Use the record_damaging_country = yes setting to make the fleet record
Supported Scopes: fleet
Output Scope: country

third_damaging_country - Scopes to the country that dealt the corresponding ranked damage to the fleet. Can be null. Use the record_damaging_country = yes setting to make the fleet record
Supported Scopes: fleet
Output Scope: country

issuer - Scopes from a mission to its issuer.
Supported Scopes: mission
Output Scope: country

carrier - Scopes from a colony to its carrier.
Supported Scopes: planet ship colony
Output Scope: planet

=================
